
> Configure project :app
WARNING: The option setting 'android.overridePathCheck=true' is experimental.
The current default is 'false'.

[Incubating] Problems report is available at: file:///D:/Study/Project/MobileDev/ExpressionPhotoBooth/build/reports/problems/problems-report.html

FAILURE: Build failed with an exception.

* What went wrong:
Cannot locate matching tasks for an empty path. The path should include a task name (for example ':help' or 'help').

* Try:
> Run gradlew tasks to get a list of available tasks.
> For more on name expansion, please refer to https://docs.gradle.org/9.3.1/userguide/command_line_interface.html#sec:name_abbreviation in the Gradle documentation.
> Run with --stacktrace option to get the stack trace.
> Run with --info or --debug option to get more log output.
> Run with --scan to get full insights from a Build Scan (powered by Develocity).
> Get more help at https://help.gradle.org.

BUILD FAILED in 2s
